modern       myeloid_macrophage[0]: hits=5225 fetched=300 new=300 total=300
recent       myeloid_macrophage[0]: hits=2259 fetched=200 new=191 total=491
foundational myeloid_macrophage[0]: hits=5535 fetched=100 new=46 total=537
modern       myeloid_macrophage[1]: hits=1613 fetched=300 new=285 total=822
recent       myeloid_macrophage[1]: hits=614 fetched=200 new=182 total=1004
foundational myeloid_macrophage[1]: hits=1672 fetched=100 new=23 total=1027
modern       myeloid_macrophage[2]: hits=2601 fetched=300 new=295 total=1322
recent       myeloid_macrophage[2]: hits=940 fetched=200 new=189 total=1511
foundational myeloid_macrophage[2]: hits=2877 fetched=100 new=44 total=1555
modern       myeloid_macrophage[3]: hits=1767 fetched=300 new=221 total=1776
recent       myeloid_macrophage[3]: hits=721 fetched=200 new=144 total=1920
foundational myeloid_macrophage[3]: hits=1954 fetched=100 new=26 total=1946
modern       treg_suppressive_lymphoid[0]: hits=2514 fetched=300 new=283 total=2229
recent       treg_suppressive_lymphoid[0]: hits=993 fetched=200 new=181 total=2410
foundational treg_suppressive_lymphoid[0]: hits=3006 fetched=100 new=49 total=2459
modern       treg_suppressive_lymphoid[1]: hits=544 fetched=300 new=280 total=2739
recent       treg_suppressive_lymphoid[1]: hits=170 fetched=170 new=133 total=2872
foundational treg_suppressive_lymphoid[1]: hits=771 fetched=100 new=56 total=2928
modern       caf_stroma_ecm[0]: hits=6210 fetched=300 new=279 total=3207
recent       caf_stroma_ecm[0]: hits=2323 fetched=200 new=183 total=3390
foundational caf_stroma_ecm[0]: hits=7798 fetched=100 new=50 total=3440
modern       caf_stroma_ecm[1]: hits=1672 fetched=300 new=289 total=3729
recent       caf_stroma_ecm[1]: hits=504 fetched=200 new=187 total=3916
foundational caf_stroma_ecm[1]: hits=1866 fetched=100 new=35 total=3951
modern       caf_stroma_ecm[2]: hits=377 fetched=300 new=296 total=4247
recent       caf_stroma_ecm[2]: hits=124 fetched=124 new=59 total=4306
foundational caf_stroma_ecm[2]: hits=612 fetched=100 new=55 total=4361
modern       vasculature_hypoxia[0]: hits=1403 fetched=300 new=287 total=4648
recent       vasculature_hypoxia[0]: hits=540 fetched=200 new=177 total=4825
foundational vasculature_hypoxia[0]: hits=1599 fetched=100 new=36 total=4861
modern       vasculature_hypoxia[1]: hits=3080 fetched=300 new=276 total=5137
recent       vasculature_hypoxia[1]: hits=1000 fetched=200 new=180 total=5317
foundational vasculature_hypoxia[1]: hits=3686 fetched=100 new=55 total=5372
modern       vasculature_hypoxia[2]: hits=4107 fetched=300 new=273 total=5645
recent       vasculature_hypoxia[2]: hits=1900 fetched=200 new=170 total=5815
foundational vasculature_hypoxia[2]: hits=4393 fetched=100 new=12 total=5827
modern       metabolic_tme[0]: hits=417 fetched=300 new=295 total=6122
recent       metabolic_tme[0]: hits=149 fetched=149 new=83 total=6205
foundational metabolic_tme[0]: hits=454 fetched=100 new=31 total=6236
modern       metabolic_tme[1]: hits=1613 fetched=300 new=296 total=6532
recent       metabolic_tme[1]: hits=556 fetched=200 new=184 total=6716
foundational metabolic_tme[1]: hits=1773 fetched=100 new=36 total=6752
modern       metabolic_tme[2]: hits=3390 fetched=300 new=246 total=6998
recent       metabolic_tme[2]: hits=1827 fetched=200 new=135 total=7133
foundational metabolic_tme[2]: hits=3343 fetched=100 new=16 total=7149
modern       metabolic_tme[3]: hits=1587 fetched=300 new=292 total=7441
recent       metabolic_tme[3]: hits=688 fetched=200 new=167 total=7608
foundational metabolic_tme[3]: hits=1734 fetched=100 new=35 total=7643
modern       innate_agonists[0]: hits=7420 fetched=300 new=282 total=7925
recent       innate_agonists[0]: hits=3504 fetched=200 new=172 total=8097
foundational innate_agonists[0]: hits=8747 fetched=100 new=30 total=8127
modern       cytokine_engineering[0]: hits=5244 fetched=300 new=268 total=8395
recent       cytokine_engineering[0]: hits=1604 fetched=200 new=175 total=8570
foundational cytokine_engineering[0]: hits=10794 fetched=100 new=73 total=8643
modern       trafficking_tls[0]: hits=3279 fetched=300 new=252 total=8895
recent       trafficking_tls[0]: hits=1281 fetched=200 new=173 total=9068
foundational trafficking_tls[0]: hits=3934 fetched=100 new=56 total=9124
modern       trafficking_tls[1]: hits=1470 fetched=300 new=268 total=9392
recent       trafficking_tls[1]: hits=419 fetched=200 new=184 total=9576
foundational trafficking_tls[1]: hits=2557 fetched=100 new=63 total=9639
modern       antigen_presentation_ifn[0]: hits=2965 fetched=300 new=272 total=9911
recent       antigen_presentation_ifn[0]: hits=1215 fetched=200 new=165 total=10076
foundational antigen_presentation_ifn[0]: hits=3480 fetched=100 new=33 total=10109
modern       clinical_resistance[0]: hits=4899 fetched=300 new=238 total=10347
recent       clinical_resistance[0]: hits=2419 fetched=200 new=135 total=10482
foundational clinical_resistance[0]: hits=5063 fetched=100 new=34 total=10516
modern       clinical_resistance[1]: hits=3114 fetched=300 new=102 total=10618
recent       clinical_resistance[1]: hits=1350 fetched=200 new=71 total=10689
foundational clinical_resistance[1]: hits=3203 fetched=100 new=13 total=10702
modern       clinical_resistance[2]: hits=2178 fetched=300 new=118 total=10820
recent       clinical_resistance[2]: hits=1123 fetched=200 new=61 total=10881
foundational clinical_resistance[2]: hits=2196 fetched=100 new=18 total=10899
modern       clinical_resistance[3]: hits=725 fetched=300 new=268 total=11167
recent       clinical_resistance[3]: hits=385 fetched=200 new=118 total=11285
foundational clinical_resistance[3]: hits=704 fetched=100 new=3 total=11288
modern       epigenetic_priming[0]: hits=1783 fetched=300 new=283 total=11571
recent       epigenetic_priming[0]: hits=707 fetched=200 new=174 total=11745
foundational epigenetic_priming[0]: hits=1866 fetched=100 new=36 total=11781
modern       radiation_chemo_priming[0]: hits=11862 fetched=300 new=252 total=12033
recent       radiation_chemo_priming[0]: hits=5902 fetched=200 new=145 total=12178
foundational radiation_chemo_priming[0]: hits=11731 fetched=100 new=23 total=12201
modern       intratumoral_oncolytic[0]: hits=2145 fetched=300 new=258 total=12459
recent       intratumoral_oncolytic[0]: hits=1010 fetched=200 new=145 total=12604
foundational intratumoral_oncolytic[0]: hits=2430 fetched=100 new=25 total=12629
modern       microbiome[0]: hits=3095 fetched=300 new=261 total=12890
recent       microbiome[0]: hits=1738 fetched=200 new=149 total=13039
foundational microbiome[0]: hits=2903 fetched=100 new=1 total=13040
modern       tme_directed_delivery[0]: hits=3832 fetched=300 new=240 total=13280
recent       tme_directed_delivery[0]: hits=2078 fetched=200 new=118 total=13398
foundational tme_directed_delivery[0]: hits=3651 fetched=100 new=7 total=13405
modern       cell_therapy_tme[0]: hits=2242 fetched=300 new=223 total=13628
recent       cell_therapy_tme[0]: hits=1222 fetched=200 new=138 total=13766
foundational cell_therapy_tme[0]: hits=2084 fetched=100 new=4 total=13770
modern       cell_therapy_tme[1]: hits=2377 fetched=300 new=79 total=13849
recent       cell_therapy_tme[1]: hits=1380 fetched=200 new=54 total=13903
foundational cell_therapy_tme[1]: hits=2226 fetched=100 new=6 total=13909
modern       physical_modulation[0]: hits=4835 fetched=300 new=225 total=14134
recent       physical_modulation[0]: hits=2267 fetched=200 new=120 total=14254
foundational physical_modulation[0]: hits=5443 fetched=100 new=35 total=14289
modern       spatial_profiling[0]: hits=4657 fetched=300 new=217 total=14506
recent       spatial_profiling[0]: hits=3438 fetched=200 new=88 total=14594
foundational spatial_profiling[0]: hits=3997 fetched=100 new=0 total=14594
modern       cold_tumor_pdac_gi[0]: hits=11900 fetched=300 new=168 total=14762
recent       cold_tumor_pdac_gi[0]: hits=6356 fetched=200 new=79 total=14841
foundational cold_tumor_pdac_gi[0]: hits=11211 fetched=100 new=10 total=14851
modern       cold_tumor_cns[0]: hits=3937 fetched=300 new=177 total=15028
recent       cold_tumor_cns[0]: hits=1836 fetched=200 new=99 total=15127
foundational cold_tumor_cns[0]: hits=3748 fetched=100 new=16 total=15143
modern       cold_tumor_other[0]: hits=12530 fetched=300 new=169 total=15312
recent       cold_tumor_other[0]: hits=6216 fetched=200 new=82 total=15394
foundational cold_tumor_other[0]: hits=12034 fetched=100 new=19 total=15413
modern       general_tme_modulation[0]: hits=2583 fetched=300 new=200 total=15613
recent       general_tme_modulation[0]: hits=1619 fetched=200 new=96 total=15709
foundational general_tme_modulation[0]: hits=2532 fetched=100 new=11 total=15720
modern       general_tme_modulation[1]: hits=6285 fetched=300 new=123 total=15843
recent       general_tme_modulation[1]: hits=3046 fetched=200 new=68 total=15911
foundational general_tme_modulation[1]: hits=5778 fetched=100 new=10 total=15921
modern       sweep_high_impact[0]: hits=8405 fetched=300 new=176 total=16097
recent       sweep_high_impact[0]: hits=2675 fetched=200 new=88 total=16185
foundational sweep_high_impact[0]: hits=12512 fetched=100 new=39 total=16224
total unique records: 16224
