all_years  core_lph[0]: hits=89 fetched=89 new=89 total=89
recent     core_lph[0]: hits=51 fetched=51 new=0 total=89
all_years  core_lph[1]: hits=126 fetched=100 new=30 total=119
recent     core_lph[1]: hits=62 fetched=62 new=6 total=125
all_years  core_lph[2]: hits=56 fetched=56 new=28 total=153
recent     core_lph[2]: hits=30 fetched=30 new=0 total=153
all_years  core_lph[3]: hits=34 fetched=34 new=24 total=177
recent     core_lph[3]: hits=16 fetched=16 new=0 total=177
all_years  mechanism_biomechanics[0]: hits=204 fetched=204 new=186 total=363
recent     mechanism_biomechanics[0]: hits=117 fetched=117 new=0 total=363
all_years  mechanism_biomechanics[1]: hits=112 fetched=112 new=96 total=459
recent     mechanism_biomechanics[1]: hits=54 fetched=54 new=0 total=459
all_years  mechanism_biomechanics[2]: hits=45 fetched=45 new=39 total=498
recent     mechanism_biomechanics[2]: hits=21 fetched=21 new=0 total=498
all_years  mechanism_biomechanics[3]: hits=51 fetched=51 new=23 total=521
recent     mechanism_biomechanics[3]: hits=41 fetched=41 new=0 total=521
all_years  mechanism_biomechanics[4]: hits=3 fetched=3 new=2 total=523
recent     mechanism_biomechanics[4]: hits=3 fetched=3 new=0 total=523
all_years  treatment_techniques[0]: hits=129 fetched=129 new=117 total=640
recent     treatment_techniques[0]: hits=34 fetched=34 new=0 total=640
all_years  treatment_techniques[1]: hits=162 fetched=162 new=87 total=727
recent     treatment_techniques[1]: hits=68 fetched=68 new=0 total=727
all_years  treatment_techniques[2]: hits=36 fetched=36 new=29 total=756
recent     treatment_techniques[2]: hits=25 fetched=25 new=0 total=756
all_years  etiology_settings[0]: hits=20 fetched=20 new=6 total=762
recent     etiology_settings[0]: hits=14 fetched=14 new=0 total=762
all_years  etiology_settings[1]: hits=122 fetched=122 new=99 total=861
recent     etiology_settings[1]: hits=78 fetched=78 new=0 total=861
all_years  etiology_settings[2]: hits=19 fetched=19 new=4 total=865
recent     etiology_settings[2]: hits=14 fetched=14 new=0 total=865
all_years  etiology_settings[3]: hits=26 fetched=26 new=0 total=865
recent     etiology_settings[3]: hits=18 fetched=18 new=0 total=865
all_years  adjacent_differentials[0]: hits=222 fetched=100 new=82 total=947
recent     adjacent_differentials[0]: hits=95 fetched=95 new=71 total=1018
all_years  adjacent_differentials[1]: hits=44 fetched=44 new=38 total=1056
recent     adjacent_differentials[1]: hits=22 fetched=22 new=0 total=1056
all_years  adjacent_differentials[2]: hits=193 fetched=100 new=85 total=1141
recent     adjacent_differentials[2]: hits=117 fetched=100 new=49 total=1190
all_years  historical_lph_as_nph[0]: hits=18 fetched=18 new=0 total=1190
recent     historical_lph_as_nph[0]: hits=0 fetched=0 new=0 total=1190
all_years  historical_lph_as_nph[1]: hits=11 fetched=11 new=0 total=1190
recent     historical_lph_as_nph[1]: hits=0 fetched=0 new=0 total=1190
total unique records: 1190
