modern       nk_phenotype_states[0]: hits=193 fetched=193 new=193 total=193
recent       nk_phenotype_states[0]: hits=75 fetched=75 new=0 total=193
foundational nk_phenotype_states[0]: hits=308 fetched=100 new=64 total=257
modern       nk_phenotype_states[1]: hits=589 fetched=300 new=277 total=534
recent       nk_phenotype_states[1]: hits=335 fetched=200 new=94 total=628
foundational nk_phenotype_states[1]: hits=706 fetched=100 new=48 total=676
modern       nk_phenotype_states[2]: hits=129 fetched=129 new=117 total=793
recent       nk_phenotype_states[2]: hits=60 fetched=60 new=0 total=793
foundational nk_phenotype_states[2]: hits=210 fetched=100 new=61 total=854
modern       nk_cell_sources[0]: hits=192 fetched=192 new=186 total=1040
recent       nk_cell_sources[0]: hits=79 fetched=79 new=0 total=1040
foundational nk_cell_sources[0]: hits=285 fetched=100 new=50 total=1090
modern       nk_cell_sources[1]: hits=693 fetched=300 new=286 total=1376
recent       nk_cell_sources[1]: hits=273 fetched=200 new=150 total=1526
foundational nk_cell_sources[1]: hits=1094 fetched=100 new=61 total=1587
modern       car_nk_engineering[0]: hits=497 fetched=300 new=268 total=1855
recent       car_nk_engineering[0]: hits=307 fetched=200 new=50 total=1905
foundational car_nk_engineering[0]: hits=473 fetched=100 new=3 total=1908
modern       car_nk_engineering[1]: hits=576 fetched=300 new=188 total=2096
recent       car_nk_engineering[1]: hits=312 fetched=200 new=57 total=2153
foundational car_nk_engineering[1]: hits=642 fetched=100 new=42 total=2195
modern       car_nk_engineering[2]: hits=335 fetched=300 new=232 total=2427
recent       car_nk_engineering[2]: hits=177 fetched=177 new=19 total=2446
foundational car_nk_engineering[2]: hits=396 fetched=100 new=29 total=2475
modern       nk_gene_editing_targets[0]: hits=454 fetched=300 new=242 total=2717
recent       nk_gene_editing_targets[0]: hits=253 fetched=200 new=70 total=2787
foundational nk_gene_editing_targets[0]: hits=559 fetched=100 new=45 total=2832
modern       nk_gene_editing_targets[1]: hits=16 fetched=16 new=8 total=2840
recent       nk_gene_editing_targets[1]: hits=3 fetched=3 new=0 total=2840
foundational nk_gene_editing_targets[1]: hits=16 fetched=16 new=0 total=2840
modern       cytokine_support[0]: hits=1027 fetched=300 new=220 total=3060
recent       cytokine_support[0]: hits=411 fetched=200 new=118 total=3178
foundational cytokine_support[0]: hits=2540 fetched=100 new=65 total=3243
modern       cytokine_support[1]: hits=319 fetched=300 new=155 total=3398
recent       cytokine_support[1]: hits=128 fetched=128 new=8 total=3406
foundational cytokine_support[1]: hits=625 fetched=100 new=55 total=3461
modern       expansion_feeders[0]: hits=60 fetched=60 new=36 total=3497
recent       expansion_feeders[0]: hits=21 fetched=21 new=0 total=3497
foundational expansion_feeders[0]: hits=117 fetched=100 new=54 total=3551
modern       expansion_feeders[1]: hits=131 fetched=131 new=93 total=3644
recent       expansion_feeders[1]: hits=64 fetched=64 new=0 total=3644
foundational expansion_feeders[1]: hits=165 fetched=100 new=31 total=3675
modern       expansion_feeders[2]: hits=67 fetched=67 new=39 total=3714
recent       expansion_feeders[2]: hits=39 fetched=39 new=0 total=3714
foundational expansion_feeders[2]: hits=88 fetched=88 new=24 total=3738
modern       checkpoints_inhibitory[0]: hits=1666 fetched=300 new=228 total=3966
recent       checkpoints_inhibitory[0]: hits=700 fetched=200 new=128 total=4094
foundational checkpoints_inhibitory[0]: hits=2112 fetched=100 new=55 total=4149
modern       checkpoints_inhibitory[1]: hits=68 fetched=68 new=58 total=4207
recent       checkpoints_inhibitory[1]: hits=23 fetched=23 new=0 total=4207
foundational checkpoints_inhibitory[1]: hits=131 fetched=100 new=61 total=4268
modern       adcc_combinations[0]: hits=1032 fetched=300 new=198 total=4466
recent       adcc_combinations[0]: hits=419 fetched=200 new=125 total=4591
foundational adcc_combinations[0]: hits=1768 fetched=100 new=61 total=4652
modern       trafficking_solid_tme[0]: hits=457 fetched=300 new=190 total=4842
recent       trafficking_solid_tme[0]: hits=238 fetched=200 new=71 total=4913
foundational trafficking_solid_tme[0]: hits=614 fetched=100 new=41 total=4954
modern       trafficking_solid_tme[1]: hits=2210 fetched=300 new=138 total=5092
recent       trafficking_solid_tme[1]: hits=1025 fetched=200 new=72 total=5164
foundational trafficking_solid_tme[1]: hits=3220 fetched=100 new=37 total=5201
modern       clinical_nk[0]: hits=3185 fetched=200 new=48 total=5249
recent       clinical_nk[0]: hits=1085 fetched=200 new=44 total=5293
foundational clinical_nk[0]: hits=6146 fetched=100 new=38 total=5331
modern       clinical_nk[1]: hits=280 fetched=280 new=117 total=5448
recent       clinical_nk[1]: hits=146 fetched=146 new=0 total=5448
foundational clinical_nk[1]: hits=305 fetched=100 new=21 total=5469
modern       manufacturing_process[0]: hits=1623 fetched=300 new=62 total=5531
recent       manufacturing_process[0]: hits=673 fetched=200 new=42 total=5573
foundational manufacturing_process[0]: hits=3079 fetched=100 new=24 total=5597
modern       manufacturing_process[1]: hits=50 fetched=50 new=27 total=5624
recent       manufacturing_process[1]: hits=34 fetched=34 new=0 total=5624
foundational manufacturing_process[1]: hits=99 fetched=99 new=43 total=5667
modern       sweep_high_impact[0]: hits=833 fetched=300 new=63 total=5730
recent       sweep_high_impact[0]: hits=314 fetched=200 new=42 total=5772
foundational sweep_high_impact[0]: hits=1982 fetched=100 new=43 total=5815
modern       reviews_landscape[0]: hits=332 fetched=300 new=112 total=5927
recent       reviews_landscape[0]: hits=165 fetched=165 new=18 total=5945
foundational reviews_landscape[0]: hits=399 fetched=100 new=26 total=5971
total unique records: 5971
